[gov.portal-cac.com/cac/index.html]
[gov.portal-cac.com/cac/js/fbevents.js]
[backblue.gif]
[fade.gif]
[index.html]
[gov.portal-cac.com/cac/js/pixel.js]
[gov.portal-cac.com/cac/css/all.min_1.css]
[cdn.utmify.com.br/scripts/pixel/pixel.js]
[connect.facebook.net/en_US/fbevents.js]
[gov.portal-cac.com/cac/images/353779109-667914888685023-1650430461903842292-n-1.png]
[gov.portal-cac.com/cac/js/player.js]
[gov.portal-cac.com/cac/images/1720154105555-bannerjequiticorreto.png]
[gov.portal-cac.com/cac/images/out-0_4.png]
[gov.portal-cac.com/cac/images/out-0_6.png]
[gov.portal-cac.com/cac/images/out-0_5.png]
[gov.portal-cac.com/cac/registro/index.html]
[gov.portal-cac.com/cac/images/out-0_2.png]
[gov.portal-cac.com/cac/images/out-0_3.png]
[gov.portal-cac.com/cac/images/out-0_1.png]
[gov.portal-cac.com/cac/images/out-0_7.png]
[gov.portal-cac.com/cac/images/out-0_8.png]
[gov.portal-cac.com/cac/images/out-0.png]
[gov.portal-cac.com/cac/images/out-0_9.png]
[gov.portal-cac.com/cac/index.html]
[gov.portal-cac.com/cac/js/fbevents.html]
[gov.portal-cac.com/cac/js/pixel.js]
[cdn.jsdelivr.net/npm/js-sha256/src/sha256.min.js]
[gov.portal-cac.com/cac/fonts/fa-brands-400_1.eot]
[gov.portal-cac.com/cac/fonts/fa-brands-400_1.woff2]
[gov.portal-cac.com/cac/fonts/fa-brands-400_1.woff]
[gov.portal-cac.com/cac/fonts/fa-brands-400_1.ttf]
[gov.portal-cac.com/cac/fonts/fa-regular-400_1.eot]
[gov.portal-cac.com/cac/images/fa-brands-400_1.svg]
[gov.portal-cac.com/cac/fonts/fa-regular-400_1.woff2]
[gov.portal-cac.com/cac/fonts/fa-regular-400_1.woff]
[gov.portal-cac.com/cac/fonts/fa-regular-400_1.ttf]
[gov.portal-cac.com/cac/images/fa-regular-400_1.svg]
[gov.portal-cac.com/cac/fonts/fa-solid-900_1.eot]
[gov.portal-cac.com/cac/fonts/fa-solid-900_1.woff2]
[gov.portal-cac.com/cac/fonts/fa-solid-900_1.woff]
[gov.portal-cac.com/cac/fonts/fa-solid-900_1.ttf]
[gov.portal-cac.com/cac/css/all.min_1.css]
[gov.portal-cac.com/cac/images/fa-solid-900_1.svg]
[gov.portal-cac.com/cac/a]
[gov.portal-cac.com/cac/POST]
[gov.portal-cac.com/cac/b.resolvedLink]
[gov.portal-cac.com/signals/iwl.js]
[connect.facebook.net/en_US/fbevents.js]
[gov.portal-cac.com/cac/schema.org/index.html]
[gov.portal-cac.com/cac/GET]
[gov.portal-cac.com/cac/js/player.js]
[gov.portal-cac.com/index.html]
[gov.portal-cac.com/cac/registro/js/fbevents.js]
[gov.portal-cac.com/cac/registro/js/pixel.js]
[gov.portal-cac.com/cac/registro/css/all.min_1.css]
[gov.portal-cac.com/cac/registro/js/cleave.min.js]
[gov.portal-cac.com/pages/verificar]
[gov.portal-cac.com/cac/registro/js/JsBarcode.all.min.js]
[gov.portal-cac.com/cac/registro/js/qrcode.min.js]
[gov.portal-cac.com/cac/registro/index.html]
[gov.portal-cac.com/cac/images/fa-brands-400_1.svg]
[gov.portal-cac.com/cac/images/fa-regular-400_1.svg]
[gov.portal-cac.com/cac/registro/endereco/index.html]
[gov.portal-cac.com/cac/images/fa-solid-900_1.svg]
[gov.portal-cac.com/cac/a.html]
[gov.portal-cac.com/cac/POST.html]
[gov.portal-cac.com/cac/schema.org/index.html]
[hpanel.hostinger.com/favicons/hostinger.png]
[cdn.hostinger.com/hostinger_welcome/v2/man1.png]
[gov.portal-cac.com/index.html]
[gov.portal-cac.com/cac/b.html]
[gov.portal-cac.com/signals/iwl.html]
[gov.portal-cac.com/cac/GET.html]
[gov.portal-cac.com/cac/registro/a]
[gov.portal-cac.com/cac/registro/POST]
[gov.portal-cac.com/cac/registro/schema.org/index.html]
[gov.portal-cac.com/cac/registro/b.35.delayed]
[gov.portal-cac.com/cac/registro/js/fbevents.js]
[gov.portal-cac.com/cac/registro/js/pixel.js]
[gov.portal-cac.com/cac/registro/fonts/fa-brands-400_1.eot]
[gov.portal-cac.com/cac/registro/fonts/fa-brands-400_1.woff2]
[gov.portal-cac.com/cac/registro/fonts/fa-brands-400_1.woff]
[gov.portal-cac.com/cac/registro/fonts/fa-brands-400_1.ttf]
[gov.portal-cac.com/cac/registro/images/fa-brands-400_1.svg]
[gov.portal-cac.com/cac/registro/fonts/fa-regular-400_1.eot]
[gov.portal-cac.com/cac/registro/fonts/fa-regular-400_1.woff2]
[gov.portal-cac.com/cac/registro/fonts/fa-regular-400_1.woff]
[gov.portal-cac.com/cac/registro/fonts/fa-regular-400_1.ttf]
[gov.portal-cac.com/cac/registro/images/fa-regular-400_1.svg]
[gov.portal-cac.com/cac/registro/fonts/fa-solid-900_1.eot]
[gov.portal-cac.com/cac/registro/fonts/fa-solid-900_1.woff2]
[gov.portal-cac.com/cac/registro/fonts/fa-solid-900_1.woff]
[gov.portal-cac.com/cac/registro/fonts/fa-solid-900_1.ttf]
[gov.portal-cac.com/cac/registro/css/all.min_1.css]
[gov.portal-cac.com/cac/registro/js/cleave.min.js]
[gov.portal-cac.com/cac/registro/images/fa-solid-900_1.svg]
[gov.portal-cac.com/cac/registro/endereco/js/fbevents.js]
[gov.portal-cac.com/cac/registro/endereco/js/pixel.js]
[gov.portal-cac.com/cac/registro/endereco/css/all.min_1.css]
[gov.portal-cac.com/cac/registro/endereco/js/cleave.min.js]
[gov.portal-cac.com/cac/registro/endereco/url_string]
[gov.portal-cac.com/cac/registro/endereco/js/JsBarcode.all.min.js]
[gov.portal-cac.com/cac/registro/endereco/js/qrcode.min.js]
[gov.portal-cac.com/cac/registro/endereco/index.html]
[gov.portal-cac.com/pages/verificar.html]
[gov.portal-cac.com/cac/registro/js/JsBarcode.all.min.js]
[gov.portal-cac.com/cac/registro/js/qrcode.min.js]
[gov.portal-cac.com/cac/registro/a.html]
[gov.portal-cac.com/cac/registro/POST.html]
[gov.portal-cac.com/cac/registro/schema.org/index.html]
[gov.portal-cac.com/cac/registro/b.html]
[gov.portal-cac.com/cac/registro/images/fa-brands-400_1.svg]
[gov.portal-cac.com/cac/registro/quiz/index.html]
[gov.portal-cac.com/cac/registro/images/fa-regular-400_1.svg]
[gov.portal-cac.com/cac/registro/images/fa-solid-900_1.svg]
[gov.portal-cac.com/cac/registro/endereco/js/fbevents.html]
[gov.portal-cac.com/cac/registro/endereco/js/pixel.js]
[gov.portal-cac.com/cac/registro/endereco/fonts/fa-brands-400_1.woff2]
[gov.portal-cac.com/cac/registro/endereco/fonts/fa-brands-400_1.woff]
[gov.portal-cac.com/cac/registro/endereco/fonts/fa-brands-400_1.ttf]
[gov.portal-cac.com/cac/registro/endereco/fonts/fa-regular-400_1.eot]
[gov.portal-cac.com/cac/registro/endereco/images/fa-brands-400_1.svg]
[gov.portal-cac.com/cac/registro/endereco/fonts/fa-regular-400_1.woff2]
[gov.portal-cac.com/cac/registro/endereco/fonts/fa-regular-400_1.woff]
[gov.portal-cac.com/cac/registro/endereco/fonts/fa-regular-400_1.ttf]
[gov.portal-cac.com/cac/registro/endereco/images/fa-regular-400_1.svg]
[gov.portal-cac.com/cac/registro/endereco/fonts/fa-solid-900_1.eot]
[gov.portal-cac.com/cac/registro/endereco/fonts/fa-solid-900_1.woff]
[gov.portal-cac.com/cac/registro/endereco/css/all.min_1.css]
[gov.portal-cac.com/cac/registro/endereco/fonts/fa-solid-900_1.ttf]
[gov.portal-cac.com/cac/registro/endereco/js/cleave.min.js]
[gov.portal-cac.com/cac/registro/endereco/images/fa-solid-900_1.svg]
[gov.portal-cac.com/cac/registro/quiz/js/fbevents.js]
[gov.portal-cac.com/cac/registro/quiz/css/all.min_1.css]
[gov.portal-cac.com/cac/registro/psicotecnico/index.html]
[gov.portal-cac.com/cac/registro/quiz/url_string.5f.delayed]
[gov.portal-cac.com/cac/registro/quiz/js/qrcode.min.js]
[gov.portal-cac.com/cac/registro/quiz/index.html]
[gov.portal-cac.com/cac/registro/endereco/url_string.html]
[gov.portal-cac.com/cac/registro/endereco/js/JsBarcode.all.min.js]
[gov.portal-cac.com/cac/registro/endereco/js/qrcode.min.js]
[gov.portal-cac.com/cac/registro/endereco/images/fa-brands-400_1.svg]
[gov.portal-cac.com/cac/registro/endereco/images/fa-regular-400_1.svg]
[gov.portal-cac.com/cac/registro/endereco/images/fa-solid-900_1.svg]
[gov.portal-cac.com/cac/registro/quiz/js/fbevents.html]
[gov.portal-cac.com/cac/registro/endereco/fonts/fa-brands-400_1.eot]
[gov.portal-cac.com/cac/registro/endereco/fonts/fa-solid-900_1.woff2]
[gov.portal-cac.com/cac/registro/quiz/fonts/fa-brands-400_1.eot]
[gov.portal-cac.com/cac/registro/quiz/fonts/fa-brands-400_1.woff2]
[gov.portal-cac.com/cac/registro/quiz/js/pixel.js]
[gov.portal-cac.com/cac/registro/quiz/fonts/fa-brands-400_1.woff]
[gov.portal-cac.com/cac/registro/quiz/fonts/fa-brands-400_1.ttf]
[gov.portal-cac.com/cac/registro/quiz/images/fa-brands-400_1.svg]
[gov.portal-cac.com/cac/registro/quiz/fonts/fa-regular-400_1.eot]
[gov.portal-cac.com/cac/registro/quiz/fonts/fa-regular-400_1.woff2]
[gov.portal-cac.com/cac/registro/quiz/fonts/fa-regular-400_1.woff]
[gov.portal-cac.com/cac/registro/quiz/fonts/fa-regular-400_1.ttf]
[gov.portal-cac.com/cac/registro/quiz/images/fa-regular-400_1.svg]
[gov.portal-cac.com/cac/registro/quiz/fonts/fa-solid-900_1.eot]
[gov.portal-cac.com/cac/registro/quiz/fonts/fa-solid-900_1.woff2]
[gov.portal-cac.com/cac/registro/quiz/fonts/fa-solid-900_1.woff]
[gov.portal-cac.com/cac/registro/quiz/fonts/fa-solid-900_1.ttf]
[gov.portal-cac.com/cac/registro/quiz/css/all.min_1.css]
[gov.portal-cac.com/cac/registro/quiz/images/fa-solid-900_1.svg]
[gov.portal-cac.com/cac/registro/psicotecnico/js/fbevents.js]
[gov.portal-cac.com/cac/registro/psicotecnico/js/pixel.js]
[gov.portal-cac.com/cac/registro/psicotecnico/css/all.min_1.css]
[gov.portal-cac.com/cac/registro/psicotecnico/url_string]
[gov.portal-cac.com/cac/registro/psicotecnico/js/JsBarcode.all.min.js]
[gov.portal-cac.com/cac/registro/aprovado/index.html]
[gov.portal-cac.com/cac/registro/psicotecnico/js/qrcode.min.js]
[gov.portal-cac.com/cac/registro/psicotecnico/index.html]
[gov.portal-cac.com/cac/registro/quiz/url_string.html]
[gov.portal-cac.com/cac/registro/quiz/js/qrcode.min.js]
[gov.portal-cac.com/cac/registro/quiz/js/pixel.js]
[gov.portal-cac.com/cac/registro/quiz/images/fa-brands-400_1.svg]
[gov.portal-cac.com/cac/registro/quiz/images/fa-regular-400_1.svg]
[gov.portal-cac.com/cac/registro/quiz/js/JsBarcode.all.min.js]
[gov.portal-cac.com/cac/registro/quiz/images/fa-solid-900_1.svg]
[gov.portal-cac.com/cac/registro/psicotecnico/js/fbevents.html]
[gov.portal-cac.com/cac/registro/psicotecnico/js/pixel.js]
[gov.portal-cac.com/cac/registro/psicotecnico/fonts/fa-brands-400_1.eot]
[gov.portal-cac.com/cac/registro/psicotecnico/fonts/fa-brands-400_1.woff2]
[gov.portal-cac.com/cac/registro/psicotecnico/fonts/fa-brands-400_1.ttf]
[gov.portal-cac.com/cac/registro/psicotecnico/images/fa-brands-400_1.svg]
[gov.portal-cac.com/cac/registro/psicotecnico/fonts/fa-regular-400_1.eot]
[gov.portal-cac.com/cac/registro/psicotecnico/fonts/fa-regular-400_1.woff2]
[gov.portal-cac.com/cac/registro/psicotecnico/fonts/fa-regular-400_1.woff]
[gov.portal-cac.com/cac/registro/psicotecnico/fonts/fa-regular-400_1.ttf]
[gov.portal-cac.com/cac/registro/psicotecnico/images/fa-regular-400_1.svg]
[gov.portal-cac.com/cac/registro/psicotecnico/fonts/fa-solid-900_1.eot]
[gov.portal-cac.com/cac/registro/psicotecnico/fonts/fa-solid-900_1.woff2]
[gov.portal-cac.com/cac/registro/psicotecnico/fonts/fa-solid-900_1.woff]
[gov.portal-cac.com/cac/registro/psicotecnico/fonts/fa-solid-900_1.ttf]
[gov.portal-cac.com/cac/registro/psicotecnico/css/all.min_1.css]
[gov.portal-cac.com/cac/registro/psicotecnico/images/fa-solid-900_1.svg]
[gov.portal-cac.com/cac/registro/aprovado/js/pixel.js]
[gov.portal-cac.com/cac/registro/aprovado/css/all.min.css]
[gov.portal-cac.com/cac/registro/aprovado/images/documento.png]
[gov.portal-cac.com/cac/registro/aprovado/js/JsBarcode.all.min.js]
[gov.portal-cac.com/cac/registro/aprovado/js/qrcode.min.js]
[gov.portal-cac.com/cac/registro/aprovado/index.html]
[gov.portal-cac.com/cac/registro/psicotecnico/url_string.html]
[gov.portal-cac.com/cac/registro/psicotecnico/js/JsBarcode.all.min.js]
[gov.portal-cac.com/cac/registro/psicotecnico/js/qrcode.min.js]
[gov.portal-cac.com/cac/registro/quiz/js/JsBarcode.all.min.js]
[gov.portal-cac.com/cac/registro/psicotecnico/images/fa-brands-400_1.svg]
[gov.portal-cac.com/cac/registro/psicotecnico/fonts/fa-brands-400_1.woff]
[gov.portal-cac.com/cac/registro/psicotecnico/images/fa-regular-400_1.svg]
[gov.portal-cac.com/cac/registro/psicotecnico/images/fa-solid-900_1.svg]
[gov.portal-cac.com/cac/registro/aprovado/js/pixel.js]
[gov.portal-cac.com/cac/registro/aprovado/fonts/fa-brands-400.woff2]
[gov.portal-cac.com/cac/registro/aprovado/js/fbevents.js]
[gov.portal-cac.com/cac/registro/aprovado/fonts/fa-brands-400.ttf]
[gov.portal-cac.com/cac/registro/aprovado/fonts/fa-regular-400.woff2]
[gov.portal-cac.com/cac/registro/aprovado/fonts/fa-regular-400.ttf]
[gov.portal-cac.com/cac/registro/aprovado/fonts/fa-solid-900.woff2]
[gov.portal-cac.com/cac/registro/aprovado/fonts/fa-solid-900.ttf]
[gov.portal-cac.com/cac/registro/aprovado/fonts/fa-v4compatibility.woff2]
[gov.portal-cac.com/cac/registro/aprovado/fonts/fa-v4compatibility.ttf]
[gov.portal-cac.com/cac/registro/aprovado/css/all.min.css]
[gov.portal-cac.com/cac/registro/aprovado/js/JsBarcode.all.min.js]
[gov.portal-cac.com/cac/registro/aprovado/js/qrcode.min.js]
[gov.portal-cac.com/cac/registro/aprovado/js/fbevents.js]
